name, awesomeButNotCool
Tom, True
July, False
Andrew, True
