first_name, age
Andrew, 35
Tom, 36
Cayley, 31
July, 0
