first_name, last_name
Cayley, Carlson
July, McKnight
