age, first_name
35, Andrew
36, Tom
31, Cayley
0, July
