FirstName, LastName
Andrew, McKnight
Tom, Ash
Cayley, Carlson
