first_name, last_name
Andrew, McKnight
Tom, Ash
Cayley, Carlson
