Andrew, McKnight, 35
Tom, Ash, 36
Cayley, Carlson, 31
