long_name, overbig_age
Andrew BAndrew McKnight, 2450
July BJuly McKnight, 0
