1:3:
  |
1 | 2 + 3, first_name
  |   ^
unexpected '+'
expecting ',', end of input, or white space
