hello_name, big_age
Hello Andrew, 45
Hello July, 10
