Type Error in left argument of Cat (Var age) (LitI 3)
                               ^^^^^^^^^^^^^^^^^^^^^^
Expected String but found Integer