Type Error in Not (Var age)
              ^^^^^^^^^^^^^
Expected Boolean but found Integer