Type Error in Not (Var people.age)
              ^^^^^^^^^^^^^^^^^^^^
Expected Boolean but found Integer