Type Error in left argument of And (Var "age") (LitB True)
                               ^^^^^^^^^^^^^^^^^^^^^^^^^^^
Expected Boolean but found Integer