last_name, first_name
McKnight, Andrew
Ash, Tom
Carlson, Cayley
