Type Error in Not (LitI 3)
              ^^^^^^^^^^^^
Expected Boolean but found Integer